=== Юнит-тесты ===
test_home_page (test_code.TestHomePage.test_home_page)
Проверяем, что главная страница возвращает HTML и статус 200. ... ok

----------------------------------------------------------------------
Ran 1 test in 0.017s

OK

=== Selenium-тесты ===

Selenium Tests Output:
Время выполнения сценария 1, вариант 1: 2.74 секунд
Время выполнения сценария 1, вариант 2: 2.52 секунд
